======================================================================
  future_2 (威科夫) 系统 — 2H周期 (akshare数据源)
======================================================================

扫描 40 个品种 ...
[ 1/40] IM0    中证指数期货     ... 信号! 做多 入场=8212.20 止损=7868.40
[ 2/40] IC0    中证500指数期货  ... 信号! 做多 入场=8574.60 止损=8173.20
[ 3/40] IF0    沪深300指数期货  ... 无信号 价格=4815.80
[ 4/40] TF0    5年期国债期货    ... 信号! 做空 入场=106.45 止损=106.54
[ 5/40] TS0    2年期国债期货    ... 信号! 做空 入场=102.64 止损=102.68
[ 6/40] AU0    黄金         ... 无信号 价格=900.56
[ 7/40] CU0    铜          ... 信号! 做空 入场=104140.00 止损=104250.00
[ 8/40] LC0    碳酸锂        ... 信号! 做多 入场=151700.00 止损=145000.00
[ 9/40] IH0    上证50指数期货   ... 无信号 价格=2979.80
[10/40] RB0    螺纹钢        ... 信号! 做空 入场=3090.00 止损=3106.00
[11/40] M0     豆粕         ... 信号! 做空 入场=3056.00 止损=3062.00
[12/40] HC0    热轧卷板       ... 信号! 做空 入场=3295.00 止损=3328.00
[13/40] AG0    白银         ... 无信号 价格=14696.00
[14/40] Y0     豆油         ... 信号! 做空 入场=8573.00 止损=8657.00
[15/40] P0     棕榈油        ... 信号! 做空 入场=9311.00 止损=9438.00
[16/40] CF0    棉花         ... 无信号 价格=16165.00
[17/40] I0     铁矿石        ... 信号! 做空 入场=751.50 止损=757.00
[18/40] LH0    生猪         ... 无信号 价格=12340.00
[19/40] SR0    白糖         ... 无信号 价格=5278.00
[20/40] FG0    玻璃         ... 无信号 价格=967.00
[21/40] JM0    焦煤         ... 无信号 价格=1263.00
[22/40] SA0    纯碱         ... 信号! 做多 入场=1085.00 止损=1065.00
[23/40] AL0    铝          ... 信号! 做空 入场=23135.00 止损=23220.00
[24/40] V0     PVC        ... 信号! 做空 入场=4539.00 止损=4547.00
[25/40] TA0    PTA        ... 信号! 做空 入场=5624.00 止损=5756.00
[26/40] OI0    菜油         ... 信号! 做空 入场=9921.00 止损=9942.00
[27/40] C0     玉米         ... 无信号 价格=2315.00
[28/40] RU0    天然橡胶       ... 无信号 价格=16865.00
[29/40] NI0    镍          ... 无信号 价格=128360.00
[30/40] SC0    上海原油       ... 信号! 做空 入场=472.90 止损=493.70
[31/40] SP0    纸浆         ... 信号! 做空 入场=4830.00 止损=4832.00
[32/40] RM0    菜粕         ... 信号! 做空 入场=2331.00 止损=2343.00
[33/40] PP0    聚丙烯        ... 信号! 做空 入场=7609.00 止损=7754.00
[34/40] MA0    甲醇         ... 信号! 做空 入场=2483.00 止损=2535.00
[35/40] EB0    苯乙烯        ... 信号! 做空 入场=7842.00 止损=7910.00
[36/40] SM0    锰硅         ... 信号! 做空 入场=5874.00 止损=5940.00
[37/40] AO0    氧化铝        ... 无信号 价格=2721.00
[38/40] SN0    锡          ... 信号! 做空 入场=417630.00 止损=419300.00
[39/40] L0     塑料         ... 信号! 做空 入场=7215.00 止损=7284.00
[40/40] ZN0    沪锌         ... 信号! 做空 入场=24935.00 止损=25010.00

======================================================================
  扫描完成 | 信号: 27 | 错误: 0
======================================================================

┌──────────────────────────────────────────────────────────────────────┐
│                威科夫量价分析 — 交易信号列表 (2H)                      │
└──────────────────────────────────────────────────────────────────────┘

  ├── 信号 #1 ─────────────────────────────────────────────
  │ IM0    中证指数期货     (cffex)
  │ 方向: 做多
  │ 阶段: Phase_B
  │ 入场:    8212.20  止损:    7868.40
  │ 目标:    8727.90  RSI:     30.6
  │ 逻辑: Spring/弹簧效应 RSI=30.6 支撑=7868.40
  └──────────────────────────────────────────────────────────

  ├── 信号 #2 ─────────────────────────────────────────────
  │ IC0    中证500指数期货  (cffex)
  │ 方向: 做多
  │ 阶段: Phase_B
  │ 入场:    8574.60  止损:    8173.20
  │ 目标:    9176.70  RSI:     39.7
  │ 逻辑: Spring/弹簧效应 RSI=39.7 支撑=8173.20
  └──────────────────────────────────────────────────────────

  ├── 信号 #3 ─────────────────────────────────────────────
  │ TF0    5年期国债期货    (cffex)
  │ 方向: 做空
  │ 阶段: Phase_B
  │ 入场:     106.45  止损:     106.54
  │ 目标:     106.33  RSI:     72.7
  │ 逻辑: Upthrust/上冲回落 RSI=72.7 阻力=106.50
  └──────────────────────────────────────────────────────────

  ├── 信号 #4 ─────────────────────────────────────────────
  │ TS0    2年期国债期货    (cffex)
  │ 方向: 做空
  │ 阶段: Phase_B
  │ 入场:     102.64  止损:     102.68
  │ 目标:     102.59  RSI:     63.3
  │ 逻辑: Upthrust/上冲回落 RSI=63.3 阻力=102.66
  └──────────────────────────────────────────────────────────

  ├── 信号 #5 ─────────────────────────────────────────────
  │ CU0    铜          (shfe)
  │ 方向: 做空
  │ 阶段: Phase_B
  │ 入场:  104140.00  止损:  104250.00
  │ 目标:  103975.00  RSI:     66.0
  │ 逻辑: Upthrust/上冲回落 RSI=66.0 阻力=104250.00
  └──────────────────────────────────────────────────────────

  ├── 信号 #6 ─────────────────────────────────────────────
  │ LC0    碳酸锂        (gfex)
  │ 方向: 做多
  │ 阶段: Phase_B
  │ 入场:  151700.00  止损:  145000.00
  │ 目标:  161750.00  RSI:     30.6
  │ 逻辑: Spring/弹簧效应 RSI=30.6 支撑=150260.00
  └──────────────────────────────────────────────────────────

  ├── 信号 #7 ─────────────────────────────────────────────
  │ RB0    螺纹钢        (shfe)
  │ 方向: 做空
  │ 阶段: Phase_B
  │ 入场:    3090.00  止损:    3106.00
  │ 目标:    3066.00  RSI:     64.0
  │ 逻辑: Upthrust/上冲回落 RSI=64.0 阻力=3106.00
  └──────────────────────────────────────────────────────────

  ├── 信号 #8 ─────────────────────────────────────────────
  │ M0     豆粕         (dce)
  │ 方向: 做空
  │ 阶段: Phase_B
  │ 入场:    3056.00  止损:    3062.00
  │ 目标:    3047.00  RSI:     77.0
  │ 逻辑: Upthrust/上冲回落 RSI=77.0 阻力=3062.00
  └──────────────────────────────────────────────────────────

  ├── 信号 #9 ─────────────────────────────────────────────
  │ HC0    热轧卷板       (shfe)
  │ 方向: 做空
  │ 阶段: Phase_B
  │ 入场:    3295.00  止损:    3328.00
  │ 目标:    3245.50  RSI:     62.1
  │ 逻辑: Upthrust/上冲回落 RSI=62.1 阻力=3308.00
  └──────────────────────────────────────────────────────────

  ├── 信号 #10 ─────────────────────────────────────────────
  │ Y0     豆油         (dce)
  │ 方向: 做空
  │ 阶段: Phase_B
  │ 入场:    8573.00  止损:    8657.00
  │ 目标:    8447.00  RSI:     67.7
  │ 逻辑: Upthrust/上冲回落 RSI=67.7 阻力=8657.00
  └──────────────────────────────────────────────────────────

  ├── 信号 #11 ─────────────────────────────────────────────
  │ P0     棕榈油        (dce)
  │ 方向: 做空
  │ 阶段: Phase_B
  │ 入场:    9311.00  止损:    9438.00
  │ 目标:    9120.50  RSI:     67.6
  │ 逻辑: Upthrust/上冲回落 RSI=67.6 阻力=9438.00
  └──────────────────────────────────────────────────────────

  ├── 信号 #12 ─────────────────────────────────────────────
  │ I0     铁矿石        (dce)
  │ 方向: 做空
  │ 阶段: Phase_B
  │ 入场:     751.50  止损:     757.00
  │ 目标:     743.25  RSI:     68.4
  │ 逻辑: Upthrust/上冲回落 RSI=68.4 阻力=752.50
  └──────────────────────────────────────────────────────────

  ├── 信号 #13 ─────────────────────────────────────────────
  │ SA0    纯碱         (czce)
  │ 方向: 做多
  │ 阶段: Phase_B
  │ 入场:    1085.00  止损:    1065.00
  │ 目标:    1115.00  RSI:     39.0
  │ 逻辑: Spring/弹簧效应 RSI=39.0 支撑=1065.00
  └──────────────────────────────────────────────────────────

  ├── 信号 #14 ─────────────────────────────────────────────
  │ AL0    铝          (shfe)
  │ 方向: 做空
  │ 阶段: Phase_B
  │ 入场:   23135.00  止损:   23220.00
  │ 目标:   23007.50  RSI:     64.0
  │ 逻辑: Upthrust/上冲回落 RSI=64.0 阻力=23220.00
  └──────────────────────────────────────────────────────────

  ├── 信号 #15 ─────────────────────────────────────────────
  │ V0     PVC        (dce)
  │ 方向: 做空
  │ 阶段: Phase_B
  │ 入场:    4539.00  止损:    4547.00
  │ 目标:    4527.00  RSI:     72.2
  │ 逻辑: Upthrust/上冲回落 RSI=72.2 阻力=4547.00
  └──────────────────────────────────────────────────────────

  ├── 信号 #16 ─────────────────────────────────────────────
  │ TA0    PTA        (czce)
  │ 方向: 做空
  │ 阶段: Phase_B
  │ 入场:    5624.00  止损:    5756.00
  │ 目标:    5426.00  RSI:     66.8
  │ 逻辑: Upthrust/上冲回落 RSI=66.8 阻力=5756.00
  └──────────────────────────────────────────────────────────

  ├── 信号 #17 ─────────────────────────────────────────────
  │ OI0    菜油         (czce)
  │ 方向: 做空
  │ 阶段: Phase_B
  │ 入场:    9921.00  止损:    9942.00
  │ 目标:    9889.50  RSI:     73.6
  │ 逻辑: Upthrust/上冲回落 RSI=73.6 阻力=9942.00
  └──────────────────────────────────────────────────────────

  ├── 信号 #18 ─────────────────────────────────────────────
  │ SC0    上海原油       (ine)
  │ 方向: 做空
  │ 阶段: Phase_B
  │ 入场:     472.90  止损:     493.70
  │ 目标:     441.70  RSI:     67.1
  │ 逻辑: Upthrust/上冲回落 RSI=67.1 阻力=493.70
  └──────────────────────────────────────────────────────────

  ├── 信号 #19 ─────────────────────────────────────────────
  │ SP0    纸浆         (shfe)
  │ 方向: 做空
  │ 阶段: Phase_B
  │ 入场:    4830.00  止损:    4832.00
  │ 目标:    4827.00  RSI:     61.7
  │ 逻辑: Upthrust/上冲回落 RSI=61.7 阻力=4832.00
  └──────────────────────────────────────────────────────────

  ├── 信号 #20 ─────────────────────────────────────────────
  │ RM0    菜粕         (czce)
  │ 方向: 做空
  │ 阶段: Phase_B
  │ 入场:    2331.00  止损:    2343.00
  │ 目标:    2313.00  RSI:     70.6
  │ 逻辑: Upthrust/上冲回落 RSI=70.6 阻力=2343.00
  └──────────────────────────────────────────────────────────

  ├── 信号 #21 ─────────────────────────────────────────────
  │ PP0    聚丙烯        (dce)
  │ 方向: 做空
  │ 阶段: Phase_B
  │ 入场:    7609.00  止损:    7754.00
  │ 目标:    7391.50  RSI:     70.6
  │ 逻辑: Upthrust/上冲回落 RSI=70.6 阻力=7754.00
  └──────────────────────────────────────────────────────────

  ├── 信号 #22 ─────────────────────────────────────────────
  │ MA0    甲醇         (czce)
  │ 方向: 做空
  │ 阶段: Phase_B
  │ 入场:    2483.00  止损:    2535.00
  │ 目标:    2405.00  RSI:     65.9
  │ 逻辑: Upthrust/上冲回落 RSI=65.9 阻力=2535.00
  └──────────────────────────────────────────────────────────

  ├── 信号 #23 ─────────────────────────────────────────────
  │ EB0    苯乙烯        (dce)
  │ 方向: 做空
  │ 阶段: Phase_B
  │ 入场:    7842.00  止损:    7910.00
  │ 目标:    7740.00  RSI:     76.7
  │ 逻辑: Upthrust/上冲回落 RSI=76.7 阻力=7910.00
  └──────────────────────────────────────────────────────────

  ├── 信号 #24 ─────────────────────────────────────────────
  │ SM0    锰硅         (czce)
  │ 方向: 做空
  │ 阶段: Phase_B
  │ 入场:    5874.00  止损:    5940.00
  │ 目标:    5775.00  RSI:     67.9
  │ 逻辑: Upthrust/上冲回落 RSI=67.9 阻力=5940.00
  └──────────────────────────────────────────────────────────

  ├── 信号 #25 ─────────────────────────────────────────────
  │ SN0    锡          (shfe)
  │ 方向: 做空
  │ 阶段: Phase_B
  │ 入场:  417630.00  止损:  419300.00
  │ 目标:  415125.00  RSI:     61.8
  │ 逻辑: Upthrust/上冲回落 RSI=61.8 阻力=419300.00
  └──────────────────────────────────────────────────────────

  ├── 信号 #26 ─────────────────────────────────────────────
  │ L0     塑料         (dce)
  │ 方向: 做空
  │ 阶段: Phase_B
  │ 入场:    7215.00  止损:    7284.00
  │ 目标:    7111.50  RSI:     74.0
  │ 逻辑: Upthrust/上冲回落 RSI=74.0 阻力=7284.00
  └──────────────────────────────────────────────────────────

  ├── 信号 #27 ─────────────────────────────────────────────
  │ ZN0    沪锌         (shfe)
  │ 方向: 做空
  │ 阶段: Phase_B
  │ 入场:   24935.00  止损:   25010.00
  │ 目标:   24822.50  RSI:     65.7
  │ 逻辑: Upthrust/上冲回落 RSI=65.7 阻力=25010.00
  └──────────────────────────────────────────────────────────

已保存: D:/work_ai/future_2/wyckoff_signals_120min_20260710_115456.csv
